[     645ms] [INFO] %cDownload the React DevTools for a better development experience: https://react.dev/link/react-devtools font-weight:bold @ webpack-internal:///./node_modules/react-dom/cjs/react-dom-client.development.js:28004
[   49012ms] [ERROR] WebSocket connection to 'ws://localhost:3555/ws' failed: Error in connection establishment: net::ERR_CONNECTION_REFUSED @ webpack-internal:///./node_modules/webpack-dev-server/client/clients/WebSocketClient.js:24
[   49013ms] [ERROR] [webpack-dev-server] Event @ webpack-internal:///./node_modules/webpack-dev-server/client/modules/logger/index.js:641
[   51069ms] [ERROR] WebSocket connection to 'ws://localhost:3555/ws' failed: Error in connection establishment: net::ERR_CONNECTION_REFUSED @ webpack-internal:///./node_modules/webpack-dev-server/client/clients/WebSocketClient.js:24
[   51069ms] [ERROR] [webpack-dev-server] Event @ webpack-internal:///./node_modules/webpack-dev-server/client/modules/logger/index.js:641
[   55116ms] [ERROR] WebSocket connection to 'ws://localhost:3555/ws' failed: Error in connection establishment: net::ERR_CONNECTION_REFUSED @ webpack-internal:///./node_modules/webpack-dev-server/client/clients/WebSocketClient.js:24
[   55116ms] [ERROR] [webpack-dev-server] Event @ webpack-internal:///./node_modules/webpack-dev-server/client/modules/logger/index.js:641
[   63126ms] [ERROR] WebSocket connection to 'ws://localhost:3555/ws' failed: Error in connection establishment: net::ERR_CONNECTION_REFUSED @ webpack-internal:///./node_modules/webpack-dev-server/client/clients/WebSocketClient.js:24
[   63128ms] [ERROR] [webpack-dev-server] Event @ webpack-internal:///./node_modules/webpack-dev-server/client/modules/logger/index.js:641
[   79158ms] [ERROR] WebSocket connection to 'ws://localhost:3555/ws' failed: Error in connection establishment: net::ERR_CONNECTION_REFUSED @ webpack-internal:///./node_modules/webpack-dev-server/client/clients/WebSocketClient.js:24
[   79159ms] [ERROR] [webpack-dev-server] Event @ webpack-internal:///./node_modules/webpack-dev-server/client/modules/logger/index.js:641
[   99358ms] [ERROR] Failed to load resource: net::ERR_CONNECTION_REFUSED @ http://localhost:3555/content---overview-principles-909-ee2.js:0
[   99479ms] ChunkLoadError: Loading chunk content---overview-principles-909-ee2 failed.
(error: http://localhost:3555/content---overview-principles-909-ee2.js)
    at __webpack_require__.f.j (http://localhost:3555/runtime~main.js:812:16)
    at http://localhost:3555/runtime~main.js:107:30
    at Array.reduce (<anonymous>)
    at __webpack_require__.e (http://localhost:3555/runtime~main.js:106:38)
    at fn.e (http://localhost:3555/runtime~main.js:245:39)
    at __rspack_default_export.content---overview-principles-909-ee2 (webpack-internal:///./.docusaurus/registry.js:267:134)
    at load (webpack-internal:///./node_modules/react-loadable/lib/index.js:27:17)
    at eval (webpack-internal:///./node_modules/react-loadable/lib/index.js:55:20)
    at Array.forEach (<anonymous>)
    at loadMap (webpack-internal:///./node_modules/react-loadable/lib/index.js:54:22)
[  111298ms] [ERROR] WebSocket connection to 'ws://localhost:3555/ws' failed: Error in connection establishment: net::ERR_CONNECTION_REFUSED @ webpack-internal:///./node_modules/webpack-dev-server/client/clients/WebSocketClient.js:24
[  111310ms] [ERROR] [webpack-dev-server] Event @ webpack-internal:///./node_modules/webpack-dev-server/client/modules/logger/index.js:641
[  175482ms] [ERROR] WebSocket connection to 'ws://localhost:3555/ws' failed: Error in connection establishment: net::ERR_CONNECTION_REFUSED @ webpack-internal:///./node_modules/webpack-dev-server/client/clients/WebSocketClient.js:24
[  175493ms] [ERROR] [webpack-dev-server] Event @ webpack-internal:///./node_modules/webpack-dev-server/client/modules/logger/index.js:641
[  303566ms] [ERROR] WebSocket connection to 'ws://localhost:3555/ws' failed: Error in connection establishment: net::ERR_CONNECTION_REFUSED @ webpack-internal:///./node_modules/webpack-dev-server/client/clients/WebSocketClient.js:24
[  303571ms] [ERROR] [webpack-dev-server] Event @ webpack-internal:///./node_modules/webpack-dev-server/client/modules/logger/index.js:641
