[     203ms] [INFO] %cDownload the React DevTools for a better development experience: https://react.dev/link/react-devtools font-weight:bold @ webpack-internal:///./node_modules/react-dom/cjs/react-dom-client.development.js:28004
[   14556ms] [ERROR] WebSocket connection to 'ws://localhost:3555/ws' failed: Error in connection establishment: net::ERR_CONNECTION_REFUSED @ webpack-internal:///./node_modules/webpack-dev-server/client/clients/WebSocketClient.js:24
[   14557ms] [ERROR] [webpack-dev-server] Event @ webpack-internal:///./node_modules/webpack-dev-server/client/modules/logger/index.js:641
[   16171ms] [ERROR] Failed to load resource: net::ERR_CONNECTION_REFUSED @ http://localhost:3555/content---overview-asset-coveragea-3-d-853.js:0
[   16200ms] ChunkLoadError: Loading chunk content---overview-asset-coveragea-3-d-853 failed.
(error: http://localhost:3555/content---overview-asset-coveragea-3-d-853.js)
    at Object.j (http://localhost:3555/runtime~main.js:812:16)
    at http://localhost:3555/runtime~main.js:107:30
    at Array.reduce (<anonymous>)
    at __webpack_require__.e (http://localhost:3555/runtime~main.js:106:38)
    at fn.e (http://localhost:3555/runtime~main.js:245:39)
    at __rspack_default_export.content---overview-asset-coveragea-3-d-853 (webpack-internal:///./.docusaurus/registry.js:262:139)
    at load (webpack-internal:///./node_modules/react-loadable/lib/index.js:27:17)
    at eval (webpack-internal:///./node_modules/react-loadable/lib/index.js:55:20)
    at Array.forEach (<anonymous>)
    at loadMap (webpack-internal:///./node_modules/react-loadable/lib/index.js:54:22)
[   16569ms] [ERROR] WebSocket connection to 'ws://localhost:3555/ws' failed: Error in connection establishment: net::ERR_CONNECTION_REFUSED @ webpack-internal:///./node_modules/webpack-dev-server/client/clients/WebSocketClient.js:24
[   16569ms] [ERROR] [webpack-dev-server] Event @ webpack-internal:///./node_modules/webpack-dev-server/client/modules/logger/index.js:641
[   20636ms] [ERROR] WebSocket connection to 'ws://localhost:3555/ws' failed: Error in connection establishment: net::ERR_CONNECTION_REFUSED @ webpack-internal:///./node_modules/webpack-dev-server/client/clients/WebSocketClient.js:24
[   20636ms] [ERROR] [webpack-dev-server] Event @ webpack-internal:///./node_modules/webpack-dev-server/client/modules/logger/index.js:641
[   28715ms] [ERROR] WebSocket connection to 'ws://localhost:3555/ws' failed: Error in connection establishment: net::ERR_CONNECTION_REFUSED @ webpack-internal:///./node_modules/webpack-dev-server/client/clients/WebSocketClient.js:24
[   28716ms] [ERROR] [webpack-dev-server] Event @ webpack-internal:///./node_modules/webpack-dev-server/client/modules/logger/index.js:641
[   44734ms] [ERROR] WebSocket connection to 'ws://localhost:3555/ws' failed: Error in connection establishment: net::ERR_CONNECTION_REFUSED @ webpack-internal:///./node_modules/webpack-dev-server/client/clients/WebSocketClient.js:24
[   44737ms] [ERROR] [webpack-dev-server] Event @ webpack-internal:///./node_modules/webpack-dev-server/client/modules/logger/index.js:641
[   76801ms] [ERROR] WebSocket connection to 'ws://localhost:3555/ws' failed: Error in connection establishment: net::ERR_CONNECTION_REFUSED @ webpack-internal:///./node_modules/webpack-dev-server/client/clients/WebSocketClient.js:24
[   76802ms] [ERROR] [webpack-dev-server] Event @ webpack-internal:///./node_modules/webpack-dev-server/client/modules/logger/index.js:641
[  140814ms] [ERROR] WebSocket connection to 'ws://localhost:3555/ws' failed: Error in connection establishment: net::ERR_CONNECTION_REFUSED @ webpack-internal:///./node_modules/webpack-dev-server/client/clients/WebSocketClient.js:24
[  140815ms] [ERROR] [webpack-dev-server] Event @ webpack-internal:///./node_modules/webpack-dev-server/client/modules/logger/index.js:641
[  268867ms] [ERROR] WebSocket connection to 'ws://localhost:3555/ws' failed: Error in connection establishment: net::ERR_CONNECTION_REFUSED @ webpack-internal:///./node_modules/webpack-dev-server/client/clients/WebSocketClient.js:24
[  268871ms] [ERROR] [webpack-dev-server] Event @ webpack-internal:///./node_modules/webpack-dev-server/client/modules/logger/index.js:641
[  524931ms] [ERROR] WebSocket connection to 'ws://localhost:3555/ws' failed: Error in connection establishment: net::ERR_CONNECTION_REFUSED @ webpack-internal:///./node_modules/webpack-dev-server/client/clients/WebSocketClient.js:24
[  524935ms] [ERROR] [webpack-dev-server] Event @ webpack-internal:///./node_modules/webpack-dev-server/client/modules/logger/index.js:641
[ 1037003ms] [ERROR] WebSocket connection to 'ws://localhost:3555/ws' failed: Error in connection establishment: net::ERR_CONNECTION_REFUSED @ webpack-internal:///./node_modules/webpack-dev-server/client/clients/WebSocketClient.js:24
[ 1037009ms] [ERROR] [webpack-dev-server] Event @ webpack-internal:///./node_modules/webpack-dev-server/client/modules/logger/index.js:641
