[ 4960927ms] [ERROR] Failed to load resource: net::ERR_CONNECTION_REFUSED @ http://localhost:3210/assets/js/f3e02cb6.9456a5e8.js:0
[ 4960942ms] [WARNING] ChunkLoadError: Loading chunk 6073 failed.
(error: http://localhost:3210/assets/js/f3e02cb6.9456a5e8.js)
    at n.f.j (http://localhost:3210/assets/js/runtime~main.69a21014.js:1:20894)
    at http://localhost:3210/assets/js/runtime~main.69a21014.js:1:893
    at Array.reduce (<anonymous>)
    at n.e (http://localhost:3210/assets/js/runtime~main.69a21014.js:1:872)
    at s.f3e02cb6 (http://localhost:3210/assets/js/main.99ee1b12.js:1:321137)
    at d (http://localhost:3210/assets/js/main.99ee1b12.js:1:251019)
    at http://localhost:3210/assets/js/main.99ee1b12.js:1:251289
    at Array.forEach (<anonymous>)
    at p (http://localhost:3210/assets/js/main.99ee1b12.js:1:251263)
    at h (http://localhost:3210/assets/js/main.99ee1b12.js:1:251881) @ http://localhost:3210/assets/js/main.99ee1b12.js:0
[ 4961141ms] ChunkLoadError: Loading chunk 6073 failed.
(error: http://localhost:3210/assets/js/f3e02cb6.9456a5e8.js)
    at n.f.j (http://localhost:3210/assets/js/runtime~main.69a21014.js:1:20894)
    at http://localhost:3210/assets/js/runtime~main.69a21014.js:1:893
    at Array.reduce (<anonymous>)
    at n.e (http://localhost:3210/assets/js/runtime~main.69a21014.js:1:872)
    at s.f3e02cb6 (http://localhost:3210/assets/js/main.99ee1b12.js:1:321137)
    at d (http://localhost:3210/assets/js/main.99ee1b12.js:1:251019)
    at http://localhost:3210/assets/js/main.99ee1b12.js:1:251289
    at Array.forEach (<anonymous>)
    at p (http://localhost:3210/assets/js/main.99ee1b12.js:1:251263)
    at h (http://localhost:3210/assets/js/main.99ee1b12.js:1:251881)
